// Jest Snapshot v1, https://goo.gl/fbAQLP

exports[`Tests in <HomeScreen /> should render correctly 1`] = `
Array [
  <div>
    <h1>
      Home Screen
    </h1>
    <hr />
    <pre>
      {
   "name": "Ari",
   "email": "a@gmail.com"
}
    </pre>
  </div>,
  ")",
]
`;
