// Jest Snapshot v1, https://goo.gl/fbAQLP

exports[`Tests in <AppRouter /> should render login if isAuthenticated: false 1`] = `
<div>
  <div
    className="container .t-5"
  >
    <h1>
      Login Screen
    </h1>
    <hr />
    <button
      className="btn btn-primary"
      onClick={[Function]}
    >
      Login
    </button>
  </div>
</div>
`;
